Index: 9
Name: List 0 projects with no matching paths
WantErr: true
Cmd:
repoctl list projects --paths hello

---
error: cannot find paths `hello`
