Index: 10
Name: List empty projects tree
WantErr: false
Cmd:
repoctl list projects --tree

---


