Index: 16
Name: List all tasks
WantErr: false
Cmd:
repoctl list tasks

---

 Task             | Description    
------------------+----------------
 fetch            | Fetch git      
 status           |                
 checkout         |                
 create-branch    |                
 multi            |                
 default-tags     |                
 default-projects |                
 default-output   |                
 pwd              |                
 submarine        | Submarine test 

