Index: 0
Name: Should fail to exec when no configuration file found
WantErr: true
Cmd:
repoctl exec --all -o table ls


---
[31merror[0m: cannot find any configuration file [repoctl.yaml repoctl.yml .repoctl.yaml .repoctl.yml] in current directory or any of the parent directories
