projects:
  example:
    path: .

  spiko:
    path: trinhminhtriet/spiko
    url: https://github.com/trinhminhtriet/spiko
    tags: [frontend]

  rmrfrs:
    path: trinhminhtriet/rmrfrs
    url: https://github.com/trinhminhtriet/rmrfrs
    tags: [frontend, misc]

  awesome-job-boards:
    url: https://github.com/trinhminhtriet/awesome-job-boards
    tags: [cli]
    env:
      branch: dev

env:
  VERSION: v.1.2.3
  TEST: $(echo "Hello World")
  NO_COLOR: true

specs:
  table:
    output: table
    parallel: false
    ignore_errors: false

tasks:
  fetch:
    desc: Fetch git
    cmd: git fetch

  status:
    cmd: git status

  checkout:
    env:
      branch: dev
    cmd: git checkout $branch

  create-branch:
    cmd: git checkout -b $branch

  multi:
    cmd: | # Multi line command
      echo "1st line "
      echo "2nd line"

  default-tags:
    target:
      tags: [frontend]
    cmd: pwd

  default-projects:
    target:
      projects: [rmrfrs]
    cmd: pwd

  default-output:
    spec:
      output: table
    cmd: pwd

  pwd: pwd

  submarine:
    desc: Submarine test
    cmd: echo 0
    spec: table
    commands:
      - name: command-1
        cmd: echo 1
      - name: command-2
        cmd: echo 2
      - name: command-3
        cmd: echo 3
      - task: pwd
