Index: 0
Name: Should fail to run when no configuration file found
WantErr: true
Cmd:
repoctl run pwd --all


---
[31merror[0m: cannot find any configuration file [repoctl.yaml repoctl.yml .repoctl.yaml .repoctl.yml] in current directory or any of the parent directories
