Index: 7
Name: Describe 0 tasks when no tasks exists 
WantErr: false
Cmd:
repoctl describe tasks

---
No tasks
