Index: 5
Name: List projects matching 1 tag
WantErr: false
Cmd:
repoctl list projects --tags frontend

---

 Project  | Tag            
----------+----------------
 spiko    | frontend       
 rmrfrs | frontend, misc 

