Index: 6
Name: List projects matching multiple tags
WantErr: false
Cmd:
repoctl list projects --tags misc,frontend

---

 Project  | Tag            
----------+----------------
 rmrfrs | frontend, misc 

