Index: 11
Name: List full tree
WantErr: false
Cmd:
repoctl list projects --tree

---
┌─ .
├─ frontend
│  ├─ spiko
│  └─ rmrfrs
└─ awesome-job-boards

