Index: 15
Name: List 0 tasks when no tasks exists 
WantErr: false
Cmd:
repoctl list tasks

---
No tasks
