Index: 0
Name: List 0 projects
WantErr: false
Cmd:
repoctl list projects

---
No matching projects found
