Index: 12
Name: List tree filtered on tag
WantErr: false
Cmd:
repoctl list projects --tree --tags frontend

---
── frontend
   ├─ spiko
   └─ rmrfrs

