Index: 14
Name: List two tags
WantErr: false
Cmd:
repoctl list tags frontend misc

---

 Tag      | Project  
----------+----------
 frontend | spiko    
          | rmrfrs 
 misc     | rmrfrs 

